cargo :    Compiling flappy_bird v0.1.0 (C:\Users\bdzam\OneDrive\Desktop\PL_Project\flappy_bird)
At line:1 char:60
+ ... zam\OneDrive\Desktop\PL_Project\flappy_bird; cargo build 2>&1 | Out-F ...
+                                                  ~~~~~~~~~~~~~~~~
    + CategoryInfo          : NotSpecified: (   Compiling fl...ct\flappy_bird):String) [], RemoteException
    + FullyQualifiedErrorId : NativeCommandError
 
error[E0308]: mismatched types
   --> src\main.rs:418:53
    |
418 |             if let Some(save_data) = load_save_slot(slot) {
    |                                      -------------- ^^^^ expected `u32`, found `u8`
    |                                      |
    |                                      arguments to this function are incorrect
    |
note: function defined here
   --> src\main.rs:248:4
    |
248 | fn load_save_slot(slot: u32) -> Option<SaveSlot> {
    |    ^^^^^^^^^^^^^^ ---------
help: you can convert a `u8` to a `u32`
    |
418 |             if let Some(save_data) = load_save_slot(slot.into()) {
    |                                                         +++++++

error[E0599]: no method named `width` found for enum `std::result::Result<T, E>` in the current scope
   --> src\main.rs:810:31
    |
810 |     let window_width = window.width();
    |                               ^^^^^ method not found in `std::result::Result<&bevy::prelude::Window, QuerySingleError>`
    |
note: the method `width` exists on the type `&bevy::prelude::Window`
   --> C:\Users\bdzam\.cargo\registry\src\index.crates.io-1949cf8c6b5b557f\bevy_window-0.17.3\src\window.rs:549:5
    |
549 |     pub fn width(&self) -> f32 {
    |     ^^^^^^^^^^^^^^^^^^^^^^^^^^
help: consider using `Result::expect` to unwrap the `&bevy::prelude::Window` value, panicking if the value is a `Result::Err`
    |
810 |     let window_width = window.expect("REASON").width();
    |                              +++++++++++++++++

error[E0599]: no method named `height` found for enum `std::result::Result<T, E>` in the current scope
   --> src\main.rs:811:32
    |
811 |     let window_height = window.height();
    |                                ^^^^^^ method not found in `std::result::Result<&bevy::prelude::Window, QuerySingleError>`
    |
note: the method `height` exists on the type `&bevy::prelude::Window`
   --> C:\Users\bdzam\.cargo\registry\src\index.crates.io-1949cf8c6b5b557f\bevy_window-0.17.3\src\window.rs:557:5
    |
557 |     pub fn height(&self) -> f32 {
    |     ^^^^^^^^^^^^^^^^^^^^^^^^^^^
help: consider using `Result::expect` to unwrap the `&bevy::prelude::Window` value, panicking if the value is a `Result::Err`
    |
811 |     let window_height = window.expect("REASON").height();
    |                               +++++++++++++++++

error[E0308]: mismatched types
    --> src\main.rs:1024:48
     |
1024 |                 let save_data = load_save_slot(slot_num);
     |                                 -------------- ^^^^^^^^ expected `u32`, found `u8`
     |                                 |
     |                                 arguments to this function are incorrect
     |
note: function defined here
    --> src\main.rs:248:4
     |
 248 | fn load_save_slot(slot: u32) -> Option<SaveSlot> {
     |    ^^^^^^^^^^^^^^ ---------
help: you can convert a `u8` to a `u32`
     |
1024 |                 let save_data = load_save_slot(slot_num.into());
     |                                                        +++++++

warning: variable does not need to be mutable
   --> src\main.rs:237:22
    |
237 | fn setup_save_system(mut commands: Commands) {
    |                      ----^^^^^^^^
    |                      |
    |                      help: remove this `mut`
    |
    = note: `#[warn(unused_mut)]` (part of `#[warn(unused)]`) on by default

warning: unused variable: `commands`
   --> src\main.rs:237:22
    |
237 | fn setup_save_system(mut commands: Commands) {
    |                      ^^^^^^^^^^^^ help: if this is intentional, prefix it with an underscore: `_commands`
    |
    = note: `#[warn(unused_variables)]` (part of `#[warn(unused)]`) on by default

warning: variable does not need to be mutable
    --> src\main.rs:1074:5
     |
1074 |     mut commands: Commands,
     |     ----^^^^^^^^
     |     |
     |     help: remove this `mut`

warning: unused variable: `commands`
    --> src\main.rs:1074:5
     |
1074 |     mut commands: Commands,
     |     ^^^^^^^^^^^^ help: if this is intentional, prefix it with an underscore: `_commands`

warning: unused variable: `score`
    --> src\main.rs:1075:5
     |
1075 |     score: Res<Score>,
     |     ^^^^^ help: if this is intentional, prefix it with an underscore: `_score`

Some errors have detailed explanations: E0308, E0599.
For more information about an error, try `rustc --explain E0308`.
warning: `flappy_bird` (bin "flappy_bird") generated 5 warnings
error: could not compile `flappy_bird` (bin "flappy_bird") due to 4 previous errors; 5 warnings emitted
